[2016-05-06 11:31:29] logOutput.INFO: LoggedExampleJob ["We're now logging via MonoLog.\n"] []
[2016-05-06 11:31:29] logOutput.INFO: LoggedExampleJob ["Job Completed."] []
[2016-05-06 11:31:31] logOutput.INFO: LoggedExampleJob ["We're now logging via MonoLog.\n"] []
[2016-05-06 11:31:31] logOutput.INFO: LoggedExampleJob ["Job Completed."] []
[2016-05-06 11:31:33] logOutput.INFO: LoggedExampleJob ["We're now logging via MonoLog.\n"] []
[2016-05-06 11:31:33] logOutput.INFO: LoggedExampleJob ["Job Completed."] []
